// Vitest Snapshot v1, https://vitest.dev/guide/snapshot.html

exports[`should render correctly 1`] = `
<DocumentFragment>
  <b
    class="chakra-text css-0"
    data-testid="timer"
  >
    00:10
  </b>
</DocumentFragment>
`;
