// Vitest Snapshot v1, https://vitest.dev/guide/snapshot.html

exports[`should render correctly 1`] = `
<DocumentFragment>
  <div
    class="css-1utx3w7"
  >
    <b
      class="chakra-text css-0"
    >
      subject
    </b>
    <p
      class="chakra-text css-0"
    >
      this is a mail
    </p>
  </div>
</DocumentFragment>
`;
